2CH-22 ok (0 wrong, 3 missing)
JER-51 ok (0 wrong, 0 missing)
2CH-15 ok (0 wrong, 0 missing)
ACT-24 ok (0 wrong, 0 missing)
MAT-14 ok (0 wrong, 1 missing)
2CH-19 ok (0 wrong, 0 missing)
JHN-19 ok (2 wrong, 1 missing)
1SA-17 ok (0 wrong, 1 missing)
LUK-2 ok (0 wrong, 1 missing)
2KI-20 ok (0 wrong, 0 missing)
2SA-16 ok (0 wrong, 0 missing)
NUM-22 ok (0 wrong, 0 missing)
ACT-20 ok (0 wrong, 0 missing)
GEN-27 ok (0 wrong, 0 missing)
MRK-6 ok (0 wrong, 0 missing)
JDG-3 ok (0 wrong, 0 missing)
EZK-11 ok (0 wrong, 0 missing)
ACT-15 ok (0 wrong, 0 missing)
LEV-24 ok (0 wrong, 0 missing)
2SA-10 ok (0 wrong, 0 missing)
JUD-1 ok (0 wrong, 0 missing)
EST-3 ok (0 wrong, 0 missing)
ACT-19 ok (0 wrong, 0 missing)
DAN-2 ok (0 wrong, 0 missing)
1CH-20 ok (1 wrong, 0 missing)
2SA-15 ok (0 wrong, 0 missing)
1KI-14 ok (0 wrong, 0 missing)
ISA-8 ok (0 wrong, 0 missing)
JDG-12 ok (0 wrong, 0 missing)
DAN-1 ok (0 wrong, 0 missing)
JER-20 ok (0 wrong, 0 missing)
MAT-26 ok (0 wrong, 1 missing)
1SA-18 ok (0 wrong, 0 missing)
2TI-1 ok (1 wrong, 0 missing)
EXO-28 ok (0 wrong, 0 missing)
EZK-1 ok (1 wrong, 0 missing)
JDG-8 ok (0 wrong, 0 missing)
NEH-1 ok (0 wrong, 0 missing)
1KI-12 ok (0 wrong, 0 missing)
EXO-18 ok (0 wrong, 0 missing)
EXO-2 ok (0 wrong, 0 missing)
2CH-36 ok (0 wrong, 1 missing)
JER-40 ok (0 wrong, 0 missing)
1SA-26 ok (0 wrong, 0 missing)
GEN-23 ok (0 wrong, 0 missing)
ACT-13 ok (1 wrong, 1 missing)
1SA-27 ok (0 wrong, 0 missing)
MAT-27 ok (0 wrong, 1 missing)
LUK-6 ok (1 wrong, 1 missing)
1SA-7 ok (0 wrong, 0 missing)
ROM-16 ok (1 wrong, 0 missing)
NUM-11 ok (0 wrong, 0 missing) after retry
PRO-30 ok (0 wrong, 0 missing)
GEN-9 ok (0 wrong, 2 missing)
JER-42 ok (0 wrong, 0 missing)
MRK-10 ok (0 wrong, 0 missing)
GEN-37 ok (0 wrong, 0 missing)
JDG-11 ok (0 wrong, 0 missing)
GEN-21 ok (0 wrong, 0 missing)
JDG-6 ok (0 wrong, 0 missing)
JOL-1 ok (0 wrong, 0 missing)
EZK-8 ok (0 wrong, 0 missing)
EZR-1 ok (0 wrong, 0 missing)
ACT-18 ok (0 wrong, 0 missing)
GEN-20 ok (0 wrong, 0 missing)
EXO-33 ok (0 wrong, 0 missing)
DAN-9 ok (0 wrong, 0 missing)
ACT-26 ok (2 wrong, 0 missing)
JER-1 ok (0 wrong, 0 missing)
1KI-19 ok (0 wrong, 1 missing)
GEN-48 ok (0 wrong, 0 missing)
2CH-27 ok (0 wrong, 0 missing)
EZR-5 ok (0 wrong, 1 missing)
NUM-32 ok (0 wrong, 1 missing)
JER-43 ok (0 wrong, 0 missing)
JER-21 ok (0 wrong, 0 missing)
GEN-3 ok (0 wrong, 0 missing)
JHN-18 ok (0 wrong, 1 missing)
JHN-1 ok (0 wrong, 1 missing)
EST-5 ok (0 wrong, 0 missing)
ACT-5 ok (0 wrong, 0 missing)
2SA-12 ok (0 wrong, 0 missing)
PHP-2 ok (1 wrong, 0 missing)
JER-41 ok (0 wrong, 0 missing)
COL-4 ok (1 wrong, 0 missing)
MAT-2 ok (0 wrong, 1 missing)
MAT-23 ok (0 wrong, 0 missing)
JON-1 ok (0 wrong, 0 missing)
1KI-18 ok (0 wrong, 0 missing)
2KI-10 ok (0 wrong, 0 missing)
1SA-8 ok (0 wrong, 0 missing)
JER-28 ok (0 wrong, 0 missing)
ZEC-6 ok (0 wrong, 0 missing)
2CH-9 ok (0 wrong, 0 missing)
EZK-2 ok (1 wrong, 0 missing)
JHN-20 ok (0 wrong, 1 missing)
EXO-15 ok (0 wrong, 0 missing)
LUK-24 ok (0 wrong, 1 missing)
JER-25 ok (0 wrong, 0 missing)
EXO-24 ok (0 wrong, 0 missing)
JOS-5 ok (0 wrong, 0 missing)
GAL-2 ok (0 wrong, 1 missing)
EXO-4 ok (0 wrong, 0 missing)
2KI-5 ok (0 wrong, 0 missing)
NUM-36 ok (0 wrong, 0 missing)
DEU-11 ok (0 wrong, 1 missing)
LEV-10 ok (0 wrong, 0 missing)
LUK-23 ok (0 wrong, 1 missing)
ISA-1 ok (0 wrong, 0 missing)
DAN-11 ok (0 wrong, 0 missing)
HAG-2 ok (0 wrong, 0 missing)
2SA-18 ok (0 wrong, 0 missing)
2KI-2 ok (0 wrong, 0 missing)
1KI-3 ok (0 wrong, 0 missing)
1SA-3 ok (0 wrong, 0 missing)
NUM-20 ok (0 wrong, 0 missing)
GEN-49 ok (0 wrong, 0 missing)
DEU-3 ok (1 wrong, 0 missing)
2KI-17 ok (0 wrong, 0 missing)
EXO-17 ok (0 wrong, 0 missing)
ISA-41 ok (0 wrong, 0 missing)
EXO-3 ok (0 wrong, 0 missing)
1CO-1 ok (1 wrong, 1 missing)
EPH-6 ok (0 wrong, 0 missing)
GEN-2 ok (0 wrong, 0 missing)
1SA-21 ok (0 wrong, 0 missing)
LUK-10 ok (1 wrong, 1 missing)
JDG-5 ok (0 wrong, 0 missing)
2CH-16 ok (0 wrong, 0 missing)
JDG-16 ok (0 wrong, 0 missing)
1SA-11 ok (0 wrong, 0 missing)
JOB-1 ok (0 wrong, 0 missing)
NUM-12 ok (0 wrong, 0 missing)
MAT-9 ok (0 wrong, 0 missing)
1CH-29 ok (0 wrong, 0 missing)
JOS-22 ok (0 wrong, 1 missing)
JHN-21 ok (0 wrong, 0 missing)
2CH-12 ok (0 wrong, 0 missing)
2KI-1 ok (0 wrong, 0 missing)
1TH-3 ok (0 wrong, 0 missing)
1SA-2 ok (0 wrong, 0 missing)
1SA-4 ok (0 wrong, 0 missing)
GEN-15 ok (0 wrong, 0 missing)
ACT-21 ok (0 wrong, 0 missing)
DAN-5 ok (0 wrong, 0 missing)
RUT-3 ok (0 wrong, 0 missing)
NUM-14 ok (0 wrong, 0 missing)
ACT-1 ok (0 wrong, 1 missing)
PSA-99 ok (0 wrong, 0 missing)
2KI-3 ok (0 wrong, 0 missing)
2SA-7 ok (0 wrong, 0 missing)
JHN-6 ok (0 wrong, 1 missing)
MRK-3 ok (0 wrong, 1 missing)
2CH-4 ok (0 wrong, 0 missing)
JAS-1 ok (0 wrong, 0 missing)
1SA-16 ok (0 wrong, 1 missing)
1KI-13 ok (0 wrong, 0 missing)
2CH-24 ok (0 wrong, 0 missing)
ACT-23 ok (0 wrong, 0 missing)
ROM-11 ok (0 wrong, 1 missing)
GEN-12 ok (0 wrong, 1 missing)
GEN-50 ok (0 wrong, 0 missing)
ISA-7 ok (0 wrong, 0 missing)
1KI-17 ok (0 wrong, 0 missing)
2SA-14 ok (0 wrong, 0 missing)
ACT-9 ok (0 wrong, 1 missing)
ISA-20 ok (0 wrong, 0 missing)
2CH-13 ok (0 wrong, 0 missing)
EST-4 ok (0 wrong, 0 missing)
HEB-4 ok (0 wrong, 1 missing)
1CH-18 ok (0 wrong, 0 missing)
JDG-7 ok (0 wrong, 0 missing)
ISA-37 ok (0 wrong, 0 missing)
ISA-22 ok (0 wrong, 0 missing)
DONE
