1SA-20 ok (0 wrong, 0 missing)
MAT-20 ok (0 wrong, 1 missing)
EST-11 ok (0 wrong, 0 missing)
JER-7 ok (0 wrong, 0 missing)
EZK-16 ok (0 wrong, 0 missing)
JDG-14 ok (0 wrong, 0 missing)
LUK-18 ok (0 wrong, 0 missing)
MAL-3 ok (0 wrong, 0 missing)
2CH-10 ok (0 wrong, 0 missing)
2JN-1 ok (0 wrong, 1 missing)
MRK-2 ok (0 wrong, 1 missing)
MRK-12 ok (0 wrong, 0 missing)
MAT-22 ok (0 wrong, 0 missing)
GEN-7 ok (0 wrong, 0 missing)
HEB-7 ok (0 wrong, 3 missing)
ACT-7 ok (0 wrong, 3 missing)
PSA-84 ok (0 wrong, 0 missing)
EZK-40 ok (0 wrong, 0 missing)
ECC-1 ok (0 wrong, 0 missing)
LEV-6 ok (0 wrong, 0 missing)
JER-52 ok (0 wrong, 0 missing)
PSA-77 ok (0 wrong, 0 missing)
PSA-46 ok (0 wrong, 0 missing)
MRK-14 ok (0 wrong, 1 missing)
EXO-35 ok (0 wrong, 0 missing)
LEV-21 ok (0 wrong, 0 missing)
JHN-13 ok (0 wrong, 0 missing)
PSA-47 ok (0 wrong, 0 missing)
1CH-10 ok (0 wrong, 0 missing)
ISA-2 ok (0 wrong, 0 missing)
PSA-85 ok (0 wrong, 0 missing)
2SA-1 ok (0 wrong, 0 missing)
2CO-2 ok (0 wrong, 0 missing)
MRK-16 ok (0 wrong, 0 missing)
1CH-19 ok (0 wrong, 0 missing)
MAT-15 ok (0 wrong, 1 missing)
EST-8 ok (0 wrong, 0 missing)
2CH-18 ok (0 wrong, 0 missing)
ISA-38 ok (0 wrong, 0 missing)
PSA-72 ok (0 wrong, 0 missing)
2CH-2 ok (0 wrong, 0 missing)
LEV-16 ok (0 wrong, 0 missing)
2PE-2 ok (0 wrong, 0 missing)
LUK-19 ok (0 wrong, 1 missing)
PSA-44 ok (0 wrong, 0 missing)
LEV-1 ok (0 wrong, 0 missing)
MRK-5 ok (0 wrong, 1 missing)
LEV-3 ok (0 wrong, 0 missing)
LUK-5 ok (0 wrong, 0 missing)
LEV-9 ok (0 wrong, 0 missing)
PSA-87 ok (0 wrong, 0 missing)
DONE
