timna--timna-3 kept
nathan-3--nathan-9 kept
joel-12--joel-6 ok one B 0.97
benaiah-12--benaiah-4 ok one B 0.99
joel-13--joel-6 ok one B 0.96
eliel-7--eliel-9 ok one A 1
azarel--azarel-5 ok two none 0.85
shobal-2--shobal-3 ok one A 0.95
ezer-2--ezer-6 ok one A 0.99
uriel--uriel-2 ok two none 0.94
asaiah-3--asaiah-5 ok one A 0.98
tahath--tahath-5 ok one A 0.97
amaziah-4--amaziah-the-merarite ok one B 0.99
gera--gera-5 ok one A 0.99
akkub-2--akkub-4 ok one A 0.99
ethan--ethan-4 ok one A 0.98
jeiel-12--jeiel-7 ok one B 0.99
jehiel-10--jehiel-4 ok one B 0.96
shaphan--shaphan-4 ok one A 1
elnathan--elnathan-5 ok one A 0.97
gaius--gaius-3 ok one A 0.98
eliezer-10--eliezer-7 ok two none 0.94
jarib--jarib-2 ok one A 0.99
jedaiah-2--jedaiah-7 ok unclear none 0.93
elam-4--elam-7 ok one A 0.98
seraiah-11--seraiah-2 ok one B 0.98
azariah--azariah-24 ok one A 0.94
shephatiah-10--shephatiah-5 ok one B 0.97
amos-2--amos-4 ok one B 0.99
elam-4--elam-8 ok one A 0.84
ater--ater-3 ok unclear none 0.9
zadok-4--zadok-8 ok one A 0.98
rehum-3--rehum-5 ok two none 0.88
baanah-3--baanah-4 ok one A 0.97
harim-2--harim-7 ok one A 0.91
malluch-2--malluch-5 ok one A 0.94
harim-3--harim-6 ok two none 0.91
hashabiah-11--hashabiah-2 ok two none 0.99
akkub-2--akkub-6 ok one A 0.98
jeremiah-7--jeremiah-9 ok one A 0.96
meshullam-16--meshullam-20 ok one B 0.96
iddo-5--iddo-7 ok one A 0.95
shemaiah-19--shemaiah-24 ok two none 0.87
malluch-4--malluch-6 ok two none 0.9
mattaniah-12--mattaniah-4 ok two none 0.96
shemaiah-14--shemaiah-26 ok unclear none 0.93
zaccur-6--zaccur-7 ok one A 0.97
hananiah-14--hananiah-7 ok one B 0.98
arah-2--arah-3 ok one A 0.96
meshullam-13--meshullam-19 ok one B 0.99
DONE
